// Jest Snapshot v1, https://goo.gl/fbAQLP

exports[`AllMonstersList displays the headline, followed by the first listitem which is aboleth 1`] = `"Aboleth"`;

exports[`AllMonstersList renders correctly 1`] = `
<h1
  className="sc-AxgMl gLIsDk"
>
  Monsters of DnD
</h1>
`;
